Task 1 training started.
Device: cuda
Training examples: 100000
Validation examples: 10000
Epochs: 10
Batch size: 64
Parameter count: 3248640
Epoch 1/10 | Train loss dropout-on: 2.0472 | Validation loss: 1.2876 | Validation perplexity: 3.6240 | Top-1 accuracy: 0.6053 | Time: 18.33s
Best checkpoint saved: checkpoints/best_model.pt
Epoch 2/10 | Train loss dropout-on: 1.2258 | Validation loss: 1.0660 | Validation perplexity: 2.9037 | Top-1 accuracy: 0.6678 | Time: 18.15s
Best checkpoint saved: checkpoints/best_model.pt
Epoch 3/10 | Train loss dropout-on: 1.0827 | Validation loss: 0.9867 | Validation perplexity: 2.6823 | Top-1 accuracy: 0.6920 | Time: 17.62s
Best checkpoint saved: checkpoints/best_model.pt
Epoch 4/10 | Train loss dropout-on: 1.0160 | Validation loss: 0.9424 | Validation perplexity: 2.5661 | Top-1 accuracy: 0.7042 | Time: 18.05s
Best checkpoint saved: checkpoints/best_model.pt
Epoch 5/10 | Train loss dropout-on: 0.9756 | Validation loss: 0.9164 | Validation perplexity: 2.5002 | Top-1 accuracy: 0.7119 | Time: 18.18s
Best checkpoint saved: checkpoints/best_model.pt
Epoch 6/10 | Train loss dropout-on: 0.9485 | Validation loss: 0.8976 | Validation perplexity: 2.4537 | Top-1 accuracy: 0.7175 | Time: 18.14s
Best checkpoint saved: checkpoints/best_model.pt
Epoch 7/10 | Train loss dropout-on: 0.9296 | Validation loss: 0.8845 | Validation perplexity: 2.4218 | Top-1 accuracy: 0.7215 | Time: 18.39s
Best checkpoint saved: checkpoints/best_model.pt
Epoch 8/10 | Train loss dropout-on: 0.9171 | Validation loss: 0.8764 | Validation perplexity: 2.4023 | Top-1 accuracy: 0.7242 | Time: 18.32s
Best checkpoint saved: checkpoints/best_model.pt
Epoch 9/10 | Train loss dropout-on: 0.9096 | Validation loss: 0.8733 | Validation perplexity: 2.3949 | Top-1 accuracy: 0.7251 | Time: 18.19s
Best checkpoint saved: checkpoints/best_model.pt
Epoch 10/10 | Train loss dropout-on: 0.9062 | Validation loss: 0.8728 | Validation perplexity: 2.3935 | Top-1 accuracy: 0.7253 | Time: 18.74s
Best checkpoint saved: checkpoints/best_model.pt

Final training completed.
Total steps: 15630
Total training time seconds: 182.57
Training tokens per second: 701103.06
Peak memory allocated GB: 1.405
Peak memory reserved GB: 1.551
